[uigator.com/assan/5.1/public/index.html]
[uigator.com/assan/5.1/public/assets/img/favicon.ico]
[uigator.com/assan/5.1/public/assets/fonts/boxicons/css/boxicons.min.css]
[uigator.com/assan/5.1/public/assets/vendor/node_modules/css/aos.css]
[uigator.com/assan/5.1/public/assets/fonts/iconsmind/iconsmind.css]
[uigator.com/assan/5.1/public/assets/vendor/masterslider/style/masterslider.css]
[uigator.com/assan/5.1/public/assets/vendor/masterslider/skins/black-1/style.css]
[uigator.com/assan/5.1/public/assets/vendor/node_modules/css/swiper-bundle.min.css]
[backblue.gif]
[fade.gif]
[index.html]
[uigator.com/assan/5.1/public/assets/css/theme.min.css]
[uigator.com/assan/5.1/public/assets/img/logo/logo.svg]
[uigator.com/assan/5.1/public/assets/img/logo/logo-white.svg]
[uigator.com/assan/5.1/public/index-landing-classic.html]
[uigator.com/assan/5.1/public/index-landing-creative.html]
[uigator.com/assan/5.1/public/index-landing-agency.html]
[uigator.com/assan/5.1/public/index-landing-business.html]
[uigator.com/assan/5.1/public/index-landing-startup.html]
[uigator.com/assan/5.1/public/index-landing-consultancy.html]
[uigator.com/assan/5.1/public/index-landing-saas-webapp.html]
[uigator.com/assan/5.1/public/index-landing-mobile-App.html]
[uigator.com/assan/5.1/public/index-landing-personal-portfolio.html]
[uigator.com/assan/5.1/public/assets/img/960x1140/3.jpg]
[uigator.com/assan/5.1/public/portfolio-classic-2-col.html]
[uigator.com/assan/5.1/public/portfolio-classic-3-col.html]
[uigator.com/assan/5.1/public/portfolio-classic-4-col.html]
[uigator.com/assan/5.1/public/portfolio-classic-masonry.html]
[uigator.com/assan/5.1/public/portfolio-grid-overlay-2-col.html]
[uigator.com/assan/5.1/public/portfolio-grid-overlay-3-col.html]
[uigator.com/assan/5.1/public/portfolio-grid-overlay-4-col.html]
[uigator.com/assan/5.1/public/portfolio-grid-overlay-masonry.html]
[uigator.com/assan/5.1/public/portfolio-full-width-3-col.html]
[uigator.com/assan/5.1/public/portfolio-full-width-4-col.html]
[uigator.com/assan/5.1/public/portfolio-full-width-masonry.html]
[uigator.com/assan/5.1/public/portfolio-case-study.html]
[uigator.com/assan/5.1/public/portfolio-single-classic.html]
[uigator.com/assan/5.1/public/blog-classic.html]
[uigator.com/assan/5.1/public/blog-standard.html]
[uigator.com/assan/5.1/public/blog-masonry.html]
[uigator.com/assan/5.1/public/blog-sidebar.html]
[uigator.com/assan/5.1/public/blog-magazine.html]
[uigator.com/assan/5.1/public/blog-article-basic.html]
[uigator.com/assan/5.1/public/blog-article-video.html]
[uigator.com/assan/5.1/public/blog-article-gallery.html]
[uigator.com/assan/5.1/public/blog-article-parallax.html]
[uigator.com/assan/5.1/public/page-about.html]
[uigator.com/assan/5.1/public/page-about-modern.html]
[uigator.com/assan/5.1/public/page-team.html]
[uigator.com/assan/5.1/public/page-services.html]
[uigator.com/assan/5.1/public/page-services-modern.html]
[uigator.com/assan/5.1/public/page-careers.html]
[uigator.com/assan/5.1/public/page-career-single.html]
[uigator.com/assan/5.1/public/page-customers.html]
[uigator.com/assan/5.1/public/page-customer-story.html]
[uigator.com/assan/5.1/public/page-profile.html]
[uigator.com/assan/5.1/public/page-account-signin.html]
[uigator.com/assan/5.1/public/page-account-signin-alt.html]
[uigator.com/assan/5.1/public/page-account-signup.html]
[uigator.com/assan/5.1/public/page-account-signup-alt.html]
[uigator.com/assan/5.1/public/page-account-forget-password.html]
[uigator.com/assan/5.1/public/page-misc-error-404.html]
[uigator.com/assan/5.1/public/page-misc-coming-soon.html]
[uigator.com/assan/5.1/public/page-misc-maintenance.html]
[uigator.com/assan/5.1/public/page-misc-success-message.html]
[uigator.com/assan/5.1/public/page-misc-policy.html]
[uigator.com/assan/5.1/public/page-pricing.html]
[uigator.com/assan/5.1/public/page-faq.html]
[uigator.com/assan/5.1/public/page-knowladge-base.html]
[uigator.com/assan/5.1/public/page-contact-us-1.html]
[uigator.com/assan/5.1/public/page-contact-us-2.html]
[uigator.com/assan/5.1/public/component-accordion.html]
[uigator.com/assan/5.1/public/component-alerts.html]
[uigator.com/assan/5.1/public/component-animations.html]
[uigator.com/assan/5.1/public/component-avatar.html]
[uigator.com/assan/5.1/public/component-breadcrumb.html]
[uigator.com/assan/5.1/public/component-badge.html]
[uigator.com/assan/5.1/public/component-blockquote.html]
[uigator.com/assan/5.1/public/component-buttons.html]
[uigator.com/assan/5.1/public/component-border-shadow.html]
[uigator.com/assan/5.1/public/component-card-image.html]
[uigator.com/assan/5.1/public/component-card-icon.html]
[uigator.com/assan/5.1/public/component-call-to-action.html]
[uigator.com/assan/5.1/public/component-bs-carousel.html]
[uigator.com/assan/5.1/public/component-colors.html]
[uigator.com/assan/5.1/public/component-collapse.html]
[uigator.com/assan/5.1/public/component-cookies.html]
[uigator.com/assan/5.1/public/component-cursor.html]
[uigator.com/assan/5.1/public/component-count-down.html]
[uigator.com/assan/5.1/public/component-counteup.html]
[uigator.com/assan/5.1/public/component-clients.html]
[uigator.com/assan/5.1/public/component-dropdowns.html]
[uigator.com/assan/5.1/public/component-dropdown-grid.html]
[uigator.com/assan/5.1/public/component-form-components.html]
[uigator.com/assan/5.1/public/component-form-select.html]
[uigator.com/assan/5.1/public/component-form-autosize.html]
[uigator.com/assan/5.1/public/component-form-steps.html]
[uigator.com/assan/5.1/public/component-form-layouts.html]
[uigator.com/assan/5.1/public/component-form-quill-editor.html]
[uigator.com/assan/5.1/public/component-form-flatpicker.html]
[uigator.com/assan/5.1/public/component-form-validation.html]
[uigator.com/assan/5.1/public/component-grid-system.html]
[uigator.com/assan/5.1/public/component-gsap-reveal.html]
[uigator.com/assan/5.1/public/component-icons-bootstrap.html]
[uigator.com/assan/5.1/public/component-icons-boxicons.html]
[uigator.com/assan/5.1/public/component-iconsmind.html]
[uigator.com/assan/5.1/public/component-icons-social-brands.html]
[uigator.com/assan/5.1/public/component-isotope-filter.html]
[uigator.com/assan/5.1/public/component-lightbox.html]
[uigator.com/assan/5.1/public/component-list.html]
[uigator.com/assan/5.1/public/component-link.html]
[uigator.com/assan/5.1/public/component-modal.html]
[uigator.com/assan/5.1/public/component-masonry.html]
[uigator.com/assan/5.1/public/component-map-box.html]
[uigator.com/assan/5.1/public/component-navs.html]
[uigator.com/assan/5.1/public/component-navbar.html]
[uigator.com/assan/5.1/public/component-offcanvas.html]
[uigator.com/assan/5.1/public/component-pagination.html]
[uigator.com/assan/5.1/public/component-progress.html]
[uigator.com/assan/5.1/public/component-popover.html]
[uigator.com/assan/5.1/public/component-page-header.html]
[uigator.com/assan/5.1/public/component-parallax.html]
[uigator.com/assan/5.1/public/component-pricing.html]
[uigator.com/assan/5.1/public/component-swiper-slider.html]
[uigator.com/assan/5.1/public/component-scroll-spy.html]
[uigator.com/assan/5.1/public/component-spinners.html]
[uigator.com/assan/5.1/public/component-shapes-dividers.html]
[uigator.com/assan/5.1/public/component-tabbbed-content.html]
[uigator.com/assan/5.1/public/component-tables.html]
[uigator.com/assan/5.1/public/component-toast.html]
[uigator.com/assan/5.1/public/component-tooltip.html]
[uigator.com/assan/5.1/public/component-testimonials.html]
[uigator.com/assan/5.1/public/component-timeline.html]
[uigator.com/assan/5.1/public/component-typed-text.html]
[uigator.com/assan/5.1/public/component-typography.html]
[uigator.com/assan/5.1/public/component-utility-classes.html]
[uigator.com/assan/5.1/public/component-video-plyr.html]
[uigator.com/assan/5.1/public/header-default.html]
[uigator.com/assan/5.1/public/header-info-bar.html]
[uigator.com/assan/5.1/public/header-info-bar-2.html]
[uigator.com/assan/5.1/public/header-no-navbar.html]
[uigator.com/assan/5.1/public/header-transparent.html]
[uigator.com/assan/5.1/public/header-absolute-top.html]
[uigator.com/assan/5.1/public/header-fixed-top.html]
[uigator.com/assan/5.1/public/header-center-logo.html]
[uigator.com/assan/5.1/public/header-sticky-down.html]
[uigator.com/assan/5.1/public/header-sticky-up.html]
[uigator.com/assan/5.1/public/header-sticky-fixed.html]
[uigator.com/assan/5.1/public/header-sticky-boxed.html]
[uigator.com/assan/5.1/public/header-full-screen.html]
[uigator.com/assan/5.1/public/header-login.html]
[uigator.com/assan/5.1/public/header-logged-in.html]
[uigator.com/assan/5.1/public/header-search-bar.html]
[uigator.com/assan/5.1/public/header-search-bar-2.html]
[uigator.com/assan/5.1/public/header-search-bar-3.html]
[uigator.com/assan/5.1/public/header-search-with-icons.html]
[uigator.com/assan/5.1/public/header-shopping-cart.html]
[uigator.com/assan/5.1/public/header-shopping-cart-2.html]
[uigator.com/assan/5.1/public/header-offcanvas.html]
[uigator.com/assan/5.1/public/header-offcanvas-collapse.html]
[uigator.com/assan/5.1/public/footer-1.html]
[uigator.com/assan/5.1/public/footer-2.html]
[uigator.com/assan/5.1/public/footer-3.html]
[uigator.com/assan/5.1/public/footer-4.html]
[uigator.com/assan/5.1/public/footer-5.html]
[uigator.com/assan/5.1/public/footer-6.html]
[uigator.com/assan/5.1/public/footer-7.html]
[uigator.com/assan/5.1/public/footer-8.html]
[uigator.com/assan/5.1/public/footer-9.html]
[uigator.com/assan/5.1/public/hero-simple.html]
[uigator.com/assan/5.1/public/hero-parallax.html]
[uigator.com/assan/5.1/public/hero-parallax-element.html]
[uigator.com/assan/5.1/public/hero-fullscreen.html]
[uigator.com/assan/5.1/public/hero-newsletter.html]
[uigator.com/assan/5.1/public/hero-signup.html]
[uigator.com/assan/5.1/public/hero-pricing.html]
[uigator.com/assan/5.1/public/hero-video-button.html]
[uigator.com/assan/5.1/public/hero-youtube-video.html]
[uigator.com/assan/5.1/public/hero-vimeo-video.html]
[uigator.com/assan/5.1/public/hero-html5-video.html]
[uigator.com/assan/5.1/public/hero-bg-shape.html]
[uigator.com/assan/5.1/public/hero-bg-shape-2.html]
[uigator.com/assan/5.1/public/hero-shape-image.html]
[uigator.com/assan/5.1/public/hero-shape-image-2.html]
[uigator.com/assan/5.1/public/hero-tiles.html]
[uigator.com/assan/5.1/public/hero-media-player.html]
[uigator.com/assan/5.1/public/hero-illustration.html]
[uigator.com/assan/5.1/public/hero-typed-text.html]
[uigator.com/assan/5.1/public/hero-text-outline.html]
[uigator.com/assan/5.1/public/hero-slider-swiper.html]
[uigator.com/assan/5.1/public/hero-slider-master.html]
[uigator.com/assan/5.1/public/hero-slider-master-alt.html]
[uigator.com/assan/5.1/public/hero-particles.html]
[uigator.com/assan/5.1/public/layout-blank.html]
[uigator.com/assan/5.1/public/layout-full-width.html]
[uigator.com/assan/5.1/public/layout-sidebar-start.html]
[uigator.com/assan/5.1/public/layout-sidebar-end.html]
[uigator.com/assan/5.1/public/layout-footer-fixed.html]
[uigator.com/assan/5.1/public/layout-sticky-sidebar.html]
[uigator.com/assan/5.1/public/layout-secondary-navbar.html]
[uigator.com/assan/5.1/public/theme-style-default.html]
[uigator.com/assan/5.1/public/theme-style-purple.html]
[uigator.com/assan/5.1/public/theme-style-teal.html]
[uigator.com/assan/5.1/public/theme-style-pink.html]
[uigator.com/assan/5.1/public/theme-style-green.html]
[uigator.com/assan/5.1/public/theme-style-serif.html]
[uigator.com/assan/5.1/public/theme-style-orange.html]
[uigator.com/assan/5.1/public/theme-style-rtl.html]
[uigator.com/assan/5.1/public/demo-shop.html]
[uigator.com/assan/5.1/public/demo-one-page.html]
[uigator.com/assan/5.1/public/demo-real-estate.html]
[uigator.com/assan/5.1/public/demo-jobs.html]
[uigator.com/assan/5.1/public/demo-event-landing.html]
[uigator.com/assan/5.1/public/demo-rtl.html]
[uigator.com/assan/5.1/public/assets/vendor/masterslider/style/blank.gif]
[uigator.com/assan/5.1/public/assets/img/backgrounds/bg6.jpg]
[uigator.com/assan/5.1/public/assets/img/backgrounds/bg7.jpg]
[uigator.com/assan/5.1/public/assets/img/backgrounds/bg5.jpg]
[uigator.com/assan/5.1/public/assets/img/backgrounds/trans2.png]
[uigator.com/assan/5.1/public/assets/img/projects/1.jpg]
[uigator.com/assan/5.1/public/assets/img/projects/2.jpg]
[uigator.com/assan/5.1/public/assets/img/projects/3.jpg]
[uigator.com/assan/5.1/public/assets/img/projects/4.jpg]
[uigator.com/assan/5.1/public/assets/img/projects/5.jpg]
[uigator.com/assan/5.1/public/assets/img/projects/7.jpg]
[uigator.com/assan/5.1/public/assets/img/960x900/2.jpg]
[uigator.com/assan/5.1/public/assets/img/partners/booking.com.svg]
[uigator.com/assan/5.1/public/assets/img/960x900/3.jpg]
[uigator.com/assan/5.1/public/assets/img/partners/expedia.svg]
[uigator.com/assan/5.1/public/assets/img/960x900/4.jpg]
[uigator.com/assan/5.1/public/assets/img/partners/deliveroo.svg]
[uigator.com/assan/5.1/public/assets/img/960x640/1.jpg]
[uigator.com/assan/5.1/public/assets/img/960x640/2.jpg]
[uigator.com/assan/5.1/public/assets/img/960x640/3.jpg]
[uigator.com/assan/5.1/public/assets/img/partners/dark/amazon.svg]
[uigator.com/assan/5.1/public/assets/img/partners/dark/microsoft.svg]
[uigator.com/assan/5.1/public/assets/img/partners/dark/google.svg]
[uigator.com/assan/5.1/public/assets/img/partners/dark/booking.com.svg]
[uigator.com/assan/5.1/public/assets/img/partners/dark/grab.svg]
[uigator.com/assan/5.1/public/assets/img/partners/dark/slack.svg]
[uigator.com/assan/5.1/public/assets/img/partners/dark/uber.svg]
[uigator.com/assan/5.1/public/assets/img/partners/dark/didi.svg]
[uigator.com/assan/5.1/public/assets/img/partners/dark/lyft.svg]
[uigator.com/assan/5.1/public/assets/img/partners/dark/salesforce.svg]
[uigator.com/cdn-cgi/scripts/5c5dd728/cloudflare-static/email-decode.min.js]
[uigator.com/assan/5.1/public/assets/js/theme.bundle.min.js]
[uigator.com/assan/5.1/public/assets/vendor/node_modules/js/jquery.min.js]
[uigator.com/assan/5.1/public/assets/vendor/masterslider/jquery.easing.min.js]
[uigator.com/assan/5.1/public/assets/vendor/masterslider/masterslider.min.js]
[uigator.com/assan/5.1/public/index.html]
[uigator.com/assan/5.1/public/assets/vendor/node_modules/js/swiper-bundle.min.js]
[uigator.com/assan/5.1/public/assets/fonts/boxicons/fonts/boxicons.woff2]
[uigator.com/assan/5.1/public/assets/fonts/boxicons/fonts/boxicons.eot]
[uigator.com/assan/5.1/public/assets/fonts/boxicons/fonts/boxicons.woff]
[uigator.com/assan/5.1/public/assets/fonts/boxicons/fonts/boxicons.ttf]
[uigator.com/assan/5.1/public/assets/fonts/boxicons/css/boxicons.min.css]
[uigator.com/assan/5.1/public/assets/vendor/node_modules/css/aos.css]
[uigator.com/assan/5.1/public/assets/fonts/boxicons/fonts/boxiconsd41d.svg]
[uigator.com/assan/5.1/public/assets/fonts/iconsmind/fonts/icomoonca27.woff]
[uigator.com/assan/5.1/public/assets/fonts/iconsmind/fonts/icomoond41d.eot]
[uigator.com/assan/5.1/public/assets/fonts/iconsmind/fonts/icomoonca27.eot]
[uigator.com/assan/5.1/public/assets/fonts/iconsmind/iconsmind.css]
[uigator.com/assan/5.1/public/assets/vendor/masterslider/style/loading-2.gif]
[uigator.com/assan/5.1/public/assets/vendor/masterslider/style/grab.png]
[uigator.com/assan/5.1/public/assets/vendor/masterslider/style/grabbing.png]
[uigator.com/assan/5.1/public/assets/vendor/masterslider/style/video-close-btn.png]
[uigator.com/assan/5.1/public/assets/vendor/masterslider/style/masterslider.css]
[uigator.com/assan/5.1/public/assets/vendor/masterslider/skins/black-1/black-skin-1.png]
[uigator.com/assan/5.1/public/assets/fonts/iconsmind/fonts/icomoonca27.svg]
[uigator.com/assan/5.1/public/assets/vendor/masterslider/skins/black-1/black-skin-1-retina.png]
[uigator.com/assan/5.1/public/assets/vendor/masterslider/skins/black-1/style.css]
[uigator.com/assan/5.1/public/assets/vendor/node_modules/css/swiper-bundle.min.css]
[uigator.com/assan/5.1/public/assets/css/theme.min.css]
[uigator.com/assan/5.1/public/assets/img/logo/logo.svg]
[uigator.com/assan/5.1/public/assets/img/logo/logo-white.svg]
[uigator.com/assan/5.1/public/assets/videos/officeloop-cover.jpg]
[uigator.com/assan/5.1/public/assets/img/projects/6.jpg]
[uigator.com/assan/5.1/public/assets/img/partners/dark/deliveroo.svg]
[uigator.com/assan/5.1/public/assets/fonts/iconsmind/fonts/icomoonca27.ttf]
[uigator.com/assan/5.1/public/assets/img/partners/dark/postmates.svg]
[uigator.com/assan/5.1/public/assets/img/avatar/2.jpg]
[uigator.com/assan/5.1/public/assets/img/avatar/3.jpg]
[uigator.com/assan/5.1/public/assets/img/960x1140/1.jpg]
[uigator.com/assan/5.1/public/assets/img/960x1140/2.jpg]
[uigator.com/assan/5.1/public/assets/img/country/us.svg]
[uigator.com/assan/5.1/public/assets/img/country/es.svg]
[uigator.com/assan/5.1/public/assets/img/country/gb.svg]
[uigator.com/assan/5.1/public/assets/img/country/fr.svg]
[uigator.com/assan/5.1/public/index-landing-classic.html]
[uigator.com/assan/5.1/public/assets/img/country/pt.svg]
[uigator.com/assan/5.1/public/assets/vendor/node_modules/css/glightbox.min.css]
[uigator.com/assan/5.1/public/assets/img/backgrounds/bg1.jpg]
[uigator.com/assan/5.1/public/assets/img/backgrounds/bg2.jpg]
[uigator.com/assan/5.1/public/assets/img/backgrounds/bg3.jpg]
[uigator.com/assan/5.1/public/assets/img/960x1440/1.jpg]
[uigator.com/assan/5.1/public/assets/img/partners/white/amazon.svg]
[uigator.com/assan/5.1/public/assets/img/960x640/8.jpg]
[uigator.com/assan/5.1/public/assets/img/960x640/6.jpg]
[uigator.com/assan/5.1/public/index-landing-creative.html]
[uigator.com/assan/5.1/public/assets/img/partners/white/nasdaq.svg]
[uigator.com/assan/5.1/public/assets/img/partners/white/microsoft.svg]
[uigator.com/assan/5.1/public/assets/img/partners/white/grab.svg]
[uigator.com/assan/5.1/public/assets/img/partners/white/didi.svg]
[uigator.com/assan/5.1/public/assets/img/partners/white/lyft.svg]
[uigator.com/assan/5.1/public/assets/img/partners/white/google.svg]
[uigator.com/assan/5.1/public/assets/img/partners/white/uber.svg]
[uigator.com/assan/5.1/public/assets/img/partners/white/zillow.svg]
[uigator.com/assan/5.1/public/assets/img/projects/lg2.jpg]
[uigator.com/assan/5.1/public/assets/img/projects/lg3.jpg]
[uigator.com/assan/5.1/public/assets/img/projects/lg4.jpg]
[uigator.com/assan/5.1/public/assets/img/projects/lg5.jpg]
[uigator.com/assan/5.1/public/assets/img/graphics/icons/idea.svg]
[uigator.com/assan/5.1/public/assets/img/graphics/icons/code.svg]
[uigator.com/assan/5.1/public/assets/img/graphics/icons/web-design.svg]
[uigator.com/assan/5.1/public/assets/img/avatar/4.jpg]
[uigator.com/assan/5.1/public/assets/img/avatar/6.jpg]
[uigator.com/assan/5.1/public/assets/img/960x640/4.jpg]
[uigator.com/assan/5.1/public/assets/img/960x640/5.jpg]
[uigator.com/assan/5.1/public/assets/vendor/node_modules/js/gsap.min.js]
[uigator.com/assan/5.1/public/index-landing-agency.html]
[uigator.com/assan/5.1/public/assets/vendor/node_modules/js/particles.js]
[uigator.com/assan/5.1/public/assets/img/partners/dark/nasdaq.svg]
[uigator.com/assan/5.1/public/assets/img/partners/dark/zillow.svg]
[uigator.com/assan/5.1/public/assets/img/graphics/icons/hand-shake.svg]
[uigator.com/assan/5.1/public/assets/img/graphics/icons/target.svg]
[uigator.com/assan/5.1/public/assets/img/graphics/icons/magic-wand.svg]
[uigator.com/assan/5.1/public/assets/img/avatar/5.jpg]
[uigator.com/assan/5.1/public/assets/img/avatar/7.jpg]
[uigator.com/assan/5.1/public/assets/img/avatar/8.jpg]
[uigator.com/assan/5.1/public/assets/img/avatar/9.jpg]
[uigator.com/assan/5.1/public/index-landing-business.html]
[uigator.com/assan/5.1/public/assets/img/graphics/illustration/02.svg]
[uigator.com/assan/5.1/public/assets/img/partners/dark/expedia.svg]
[uigator.com/assan/5.1/public/assets/img/partners/dark/national-geographic.svg]
[uigator.com/assan/5.1/public/assets/img/960x1140/4.jpg]
[uigator.com/assan/5.1/public/assets/img/960x1140/5.jpg]
[uigator.com/assan/5.1/public/index-landing-startup.html]
[uigator.com/assan/5.1/public/assets/img/partners/zillow.svg]
[uigator.com/assan/5.1/public/assets/css/splitting-text.min.css]
[uigator.com/assan/5.1/public/assets/css/theme-purple.min.css]
[uigator.com/assan/5.1/public/assets/img/partners/white/spotify.svg]
[uigator.com/assan/5.1/public/assets/img/partners/white/booking.com.svg]
[uigator.com/assan/5.1/public/assets/img/vectors/worldmap-light.svg]
[uigator.com/assan/5.1/public/assets/img/partners/amazon.svg]
[uigator.com/assan/5.1/public/assets/img/partners/grab.svg]
[uigator.com/assan/5.1/public/assets/img/partners/lyft.svg]
[uigator.com/assan/5.1/public/assets/img/partners/postmates.svg]
[uigator.com/assan/5.1/public/assets/img/partners/uber.svg]
[uigator.com/assan/5.1/public/mailus@domain.com]
[uigator.com/assan/5.1/public/index-landing-consultancy.html]
[uigator.com/assan/5.1/public/assets/vendor/node_modules/js/splitting.min.js]
[uigator.com/assan/5.1/public/assets/css/theme-serif.min.css]
[uigator.com/assan/5.1/public/assets/img/graphics/saas/hero.png]
[uigator.com/assan/5.1/public/assets/img/partners/microsoft.svg]
[uigator.com/assan/5.1/public/assets/img/partners/nasdaq.svg]
[uigator.com/assan/5.1/public/assets/img/partners/national-geographic.svg]
[uigator.com/assan/5.1/public/assets/img/graphics/saas/integrations.svg]
[uigator.com/assan/5.1/public/assets/img/graphics/illustration/05.svg]
[uigator.com/assan/5.1/public/assets/img/graphics/icons/database.svg]
[uigator.com/assan/5.1/public/assets/img/graphics/icons/search.svg]
[uigator.com/assan/5.1/public/assets/img/graphics/icons/locked.svg]
[uigator.com/assan/5.1/public/assets/img/graphics/icons/collaboration.svg]
[uigator.com/assan/5.1/public/assets/img/graphics/icons/help.svg]
[uigator.com/assan/5.1/public/index-landing-saas-webapp.html]
[uigator.com/assan/5.1/public/assets/img/graphics/icons/project-management.svg]
[uigator.com/assan/5.1/public/assets/css/theme-pink.min.css]
[uigator.com/assan/5.1/public/assets/img/vectors/pattern-dots.svg]
[uigator.com/assan/5.1/public/assets/img/mobile-app/screen-1.png]
[uigator.com/assan/5.1/public/assets/img/mobile-app/screen-2.png]
[uigator.com/assan/5.1/public/assets/img/mobile-app/screen-4.png]
[uigator.com/assan/5.1/public/assets/img/mobile-app/app-store.svg]
[uigator.com/assan/5.1/public/index-landing-mobile-App.html]
[uigator.com/assan/5.1/public/assets/img/mobile-app/play-store.svg]
[uigator.com/assan/5.1/public/assets/vendor/node_modules/css/locomotive-scroll.min.css]
[uigator.com/assan/5.1/public/assets/img/logo/logo-a.svg]
[uigator.com/assan/5.1/public/assets/img/logo/logo-a-white.svg]
[uigator.com/assan/5.1/public/assets/img/team/3.jpg]
[uigator.com/assan/5.1/public/assets/img/projects/lg1.jpg]
[uigator.com/assan/5.1/public/index-landing-personal-portfolio.html]
[uigator.com/assan/5.1/public/portfolio-classic-2-col.html]
[uigator.com/assan/5.1/public/portfolio-classic-3-col.html]
[uigator.com/assan/5.1/public/assets/vendor/node_modules/js/locomotive-scroll.min.js]
[uigator.com/assan/5.1/public/assets/img/projects/8.jpg]
[uigator.com/assan/5.1/public/portfolio-classic-4-col.html]
[uigator.com/assan/5.1/public/assets/img/projects/half1.jpg]
[uigator.com/assan/5.1/public/assets/img/projects/half5.jpg]
[uigator.com/assan/5.1/public/portfolio-classic-masonry.html]
[uigator.com/assan/5.1/public/portfolio-grid-overlay-2-col.html]
[uigator.com/assan/5.1/public/portfolio-grid-overlay-3-col.html]
[uigator.com/assan/5.1/public/portfolio-grid-overlay-4-col.html]
[uigator.com/assan/5.1/public/assets/img/backgrounds/bg-element2.svg]
[uigator.com/assan/5.1/public/assets/img/projects/half2.jpg]
[uigator.com/assan/5.1/public/portfolio-grid-overlay-masonry.html]
[uigator.com/assan/5.1/public/portfolio-full-width-3-col.html]
[uigator.com/assan/5.1/public/portfolio-full-width-4-col.html]
[uigator.com/assan/5.1/public/assets/img/projects/half3.jpg]
[uigator.com/assan/5.1/public/portfolio-full-width-masonry.html]
[uigator.com/assan/5.1/public/assets/img/vectors/pattern-dots3.svg]
[uigator.com/assan/5.1/public/assets/img/projects/case1.jpg]
[uigator.com/assan/5.1/public/assets/img/projects/case3.jpg]
[uigator.com/assan/5.1/public/assets/img/vectors/quote-sign.svg]
[uigator.com/assan/5.1/public/assets/img/projects/case2.jpg]
[uigator.com/assan/5.1/public/portfolio-case-study.html]
[uigator.com/assan/5.1/public/assets/img/projects/case6.jpg]
[uigator.com/assan/5.1/public/assets/img/projects/case4.jpg]
[uigator.com/assan/5.1/public/assets/img/projects/case5.jpg]
[uigator.com/assan/5.1/public/portfolio-single-classic.html]
[uigator.com/assan/5.1/public/assets/img/960x900/1.jpg]
[uigator.com/assan/5.1/public/assets/img/team/4.jpg]
[uigator.com/assan/5.1/public/assets/img/team/6.jpg]
[uigator.com/assan/5.1/public/blog-classic.html]
[uigator.com/assan/5.1/public/assets/img/1200x600/1.jpg]
[uigator.com/assan/5.1/public/assets/img/1200x600/2.jpg]
[uigator.com/assan/5.1/public/assets/img/1200x600/3.jpg]
[uigator.com/assan/5.1/public/assets/img/1200x600/4.jpg]
[uigator.com/assan/5.1/public/blog-standard.html]
[uigator.com/assan/5.1/public/assets/img/960x640/7.jpg]
[uigator.com/assan/5.1/public/blog-masonry.html]
[uigator.com/assan/5.1/public/assets/img/avatar/10.jpg]
[uigator.com/assan/5.1/public/assets/img/960x900/5.jpg]
[uigator.com/assan/5.1/public/blog-sidebar.html]
[uigator.com/assan/5.1/public/blog-magazine.html]
[uigator.com/assan/5.1/public/assets/img/brands/facebook.svg]
[uigator.com/assan/5.1/public/assets/img/brands/twitter.svg]
[uigator.com/assan/5.1/public/blog-article-basic.html]
[uigator.com/assan/5.1/public/blog-article-video.html]
[uigator.com/assan/5.1/public/blog-article-gallery.html]
[uigator.com/assan/5.1/public/blog-article-parallax.html]
[uigator.com/assan/5.1/public/assets/img/brands/Linkedin.svg]
[uigator.com/assan/5.1/public/assets/img/vectors/line2.svg]
[uigator.com/assan/5.1/public/assets/img/team/2.jpg]
[uigator.com/assan/5.1/public/assets/img/team/1.jpg]
[uigator.com/assan/5.1/public/page-about.html]
[uigator.com/assan/5.1/public/assets/img/avatar/12.jpg]
[uigator.com/assan/5.1/public/assets/img/team/5.jpg]
[uigator.com/assan/5.1/public/page-about-modern.html]
[uigator.com/assan/5.1/public/page-team.html]
[uigator.com/assan/5.1/public/page-services.html]
[uigator.com/assan/5.1/public/page-services-modern.html]
[uigator.com/assan/5.1/public/assets/img/vectors/dec-brush1.svg]
[uigator.com/assan/5.1/public/assets/img/backgrounds/bg4.jpg]
[uigator.com/assan/5.1/public/page-careers.html]
[uigator.com/assan/5.1/public/assets/vendor/node_modules/css/choices.min.css]
[uigator.com/assan/5.1/public/page-career-single.html]
[uigator.com/assan/5.1/public/assets/vendor/node_modules/js/choices.min.js]
[uigator.com/assan/5.1/public/assets/img/partners/white/postmates.svg]
[uigator.com/assan/5.1/public/assets/img/backgrounds/trans1.png]
[uigator.com/assan/5.1/public/assets/img/partners/google.svg]
[uigator.com/assan/5.1/public/page-customers.html]
[uigator.com/assan/5.1/public/page-customer-story.html]
[uigator.com/assan/5.1/public/assets/img/partners/didi.svg]
[uigator.com/assan/5.1/public/page-profile.html]
[uigator.com/assan/5.1/public/page-profile-settings.html]
[uigator.com/assan/5.1/public/assets/img/brands/google.svg]
[uigator.com/assan/5.1/public/page-account-signin.html]
[uigator.com/assan/5.1/public/page-account-signin-alt.html]
[uigator.com/assan/5.1/public/page-account-signup.html]
[uigator.com/assan/5.1/public/page-account-signup-alt.html]
[uigator.com/assan/5.1/public/page-account-forget-password.html]
[uigator.com/assan/5.1/public/assets/img/brands/Facebook.svg]
[uigator.com/assan/5.1/public/page-misc-error-404.html]
[uigator.com/assan/5.1/public/assets/img/graphics/illustration/404.svg]
[uigator.com/assan/5.1/public/assets/img/graphics/illustration/under-construction.svg]
[uigator.com/assan/5.1/public/page-misc-coming-soon.html]
[uigator.com/assan/5.1/public/assets/vendor/node_modules/js/jquery.countdown.min.js]
[uigator.com/assan/5.1/public/page-misc-maintenance.html]
[uigator.com/assan/5.1/public/page-misc-success-message.html]
[uigator.com/assan/5.1/public/page-misc-policy.html]
[uigator.com/assan/5.1/public/assets/img/graphics/illustration/03.svg]
[uigator.com/assan/5.1/public/page-pricing.html]
[uigator.com/assan/5.1/public/page-faq.html]
[uigator.com/assan/5.1/public/assets/vendor/node_modules/css/splitting.css]
[uigator.com/assan/5.1/public/assets/img/graphics/icons/check-list.svg]
[uigator.com/assan/5.1/public/page-knowladge-base.html]
[uigator.com/assan/5.1/public/assets/img/graphics/icons/mail.svg]
[uigator.com/assan/5.1/public/page-contact-us-1.html]
[uigator.com/assan/5.1/public/assets/vendor/node_modules/js/autosize.min.js]
[uigator.com/assan/5.1/public/page-contact-us-2.html]
[api.mapbox.com/mapbox-gl-js/v2.1.1/mapbox-gl.js]
[uigator.com/assan/5.1/public/assets/vendor/node_modules/css/prism-tomorrow.css]
[uigator.com/assan/5.1/public/assets/vendor/node_modules/js/prism.js]
[uigator.com/assan/5.1/public/component-accordion.html]
[uigator.com/assan/5.1/public/component-alerts.html]
[uigator.com/assan/5.1/public/component-animations.html]
[uigator.com/assan/5.1/public/assets/vendor/node_modules/js/clipboard.min.js]
[uigator.com/assan/5.1/public/assets/img/avatar/11.jpg]
[uigator.com/assan/5.1/public/component-avatar.html]
[uigator.com/assan/5.1/public/component-breadcrumb.html]
[uigator.com/assan/5.1/public/component-badge.html]
[uigator.com/assan/5.1/public/component-blockquote.html]
[uigator.com/assan/5.1/public/component-buttons.html]
[uigator.com/assan/5.1/public/component-border-shadow.html]
[uigator.com/assan/5.1/public/assets/img/shop/products/01.jpg]
[uigator.com/assan/5.1/public/assets/img/estate/listing/1.jpg]
[uigator.com/assan/5.1/public/component-card-image.html]
[uigator.com/assan/5.1/public/component-card-icon.html]
[uigator.com/assan/5.1/public/component-call-to-action.html]
[uigator.com/assan/5.1/public/component-bs-carousel.html]
[uigator.com/assan/5.1/public/component-colors.html]
[uigator.com/assan/5.1/public/component-collapse.html]
[uigator.com/assan/5.1/public/component-cookies.html]
[uigator.com/assan/5.1/public/component-cursor.html]
[uigator.com/assan/5.1/public/component-count-down.html]
[uigator.com/assan/5.1/public/component-counteup.html]
[uigator.com/assan/5.1/public/assets/img/partners/dark/spotify.svg]
[uigator.com/assan/5.1/public/component-clients.html]
[uigator.com/assan/5.1/public/component-dropdowns.html]
[uigator.com/assan/5.1/public/component-dropdown-grid.html]
[uigator.com/assan/5.1/public/component-form-components.html]
[uigator.com/assan/5.1/public/component-form-select.html]
[uigator.com/assan/5.1/public/component-form-autosize.html]
[uigator.com/assan/5.1/public/assets/vendor/node_modules/css/bs-stepper.min.css]
[uigator.com/assan/5.1/public/component-form-steps.html]
[uigator.com/assan/5.1/public/component-form-layouts.html]
[uigator.com/assan/5.1/public/assets/vendor/node_modules/js/bs-stepper.min.js]
[uigator.com/assan/5.1/public/assets/vendor/node_modules/css/quill.snow.css]
[uigator.com/assan/5.1/public/component-form-quill-editor.html]
[uigator.com/assan/5.1/public/assets/vendor/node_modules/js/quill.min.js]
[uigator.com/assan/5.1/public/assets/vendor/node_modules/css/flatpickr.min.css]
[uigator.com/assan/5.1/public/component-form-flatpicker.html]
[uigator.com/assan/5.1/public/assets/vendor/node_modules/js/flatpickr.min.js]
[uigator.com/assan/5.1/public/component-form-validation.html]
[uigator.com/assan/5.1/public/component-grid-system.html]
[uigator.com/assan/5.1/public/component-gsap-reveal.html]
[uigator.com/assan/5.1/public/assets/vendor/node_modules/js/cleave.min.js]
[uigator.com/assan/5.1/public/assets/fonts/bootstrap-icons/bootstrap-icons.css]
[uigator.com/assan/5.1/public/component-icons-bootstrap.html]
[uigator.com/assan/5.1/public/component-icons-boxicons.html]
[uigator.com/assan/5.1/public/component-iconsmind.html]
[uigator.com/assan/5.1/public/assets/img/brands/Twitter.svg]
[uigator.com/assan/5.1/public/assets/img/brands/Dribbble.svg]
[uigator.com/assan/5.1/public/assets/img/brands/Behance.svg]
[uigator.com/assan/5.1/public/assets/img/brands/Medium.svg]
[uigator.com/assan/5.1/public/assets/img/brands/Pinterest.svg]
[uigator.com/assan/5.1/public/assets/img/brands/Digg.svg]
[uigator.com/assan/5.1/public/assets/img/brands/Skype.svg]
[uigator.com/assan/5.1/public/assets/img/brands/Slack.svg]
[uigator.com/assan/5.1/public/assets/img/brands/Reddit.svg]
[uigator.com/assan/5.1/public/assets/img/brands/Snapchat.svg]
[uigator.com/assan/5.1/public/assets/img/brands/Vimeo.svg]
[uigator.com/assan/5.1/public/assets/img/brands/Youtube.svg]
[uigator.com/assan/5.1/public/assets/img/brands/Instagram.svg]
[uigator.com/assan/5.1/public/assets/img/brands/Tinder.svg]
[uigator.com/assan/5.1/public/assets/img/brands/Tumblr.svg]
[uigator.com/assan/5.1/public/assets/img/brands/Yelp.svg]
[uigator.com/assan/5.1/public/assets/img/brands/VK.svg]
[uigator.com/assan/5.1/public/component-icons-social-brands.html]
[uigator.com/assan/5.1/public/component-isotope-filter.html]
[uigator.com/assan/5.1/public/assets/img/brands/Messenger.svg]
[uigator.com/assan/5.1/public/assets/videos/officeloop.mp4]
[uigator.com/assan/5.1/public/component-lightbox.html]
[uigator.com/assan/5.1/public/component-list.html]
[uigator.com/assan/5.1/public/component-link.html]
[uigator.com/assan/5.1/public/component-modal.html]
[uigator.com/assan/5.1/public/component-masonry.html]
[uigator.com/assan/5.1/public/component-map-box.html]
[uigator.com/assan/5.1/public/component-navs.html]
[uigator.com/assan/5.1/public/component-navbar.html]
[uigator.com/assan/5.1/public/component-offcanvas.html]
[uigator.com/assan/5.1/public/component-pagination.html]
[uigator.com/assan/5.1/public/component-progress.html]
[uigator.com/assan/5.1/public/component-popover.html]
[uigator.com/assan/5.1/public/component-page-header.html]
[uigator.com/assan/5.1/public/component-parallax.html]
[uigator.com/assan/5.1/public/component-pricing.html]
[uigator.com/assan/5.1/public/component-swiper-slider.html]
[uigator.com/assan/5.1/public/component-scroll-spy.html]
[uigator.com/assan/5.1/public/component-spinners.html]
[uigator.com/assan/5.1/public/component-shapes-dividers.html]
[uigator.com/assan/5.1/public/component-tabbbed-content.html]
[uigator.com/assan/5.1/public/component-tables.html]
[uigator.com/assan/5.1/public/component-toast.html]
[uigator.com/assan/5.1/public/component-tooltip.html]
[uigator.com/assan/5.1/public/component-testimonials.html]
[uigator.com/assan/5.1/public/component-timeline.html]
[uigator.com/assan/5.1/public/component-typed-text.html]
[uigator.com/assan/5.1/public/component-typography.html]
[uigator.com/assan/5.1/public/component-utility-classes.html]
[uigator.com/assan/5.1/public/assets/img/brands/Blogger.svg]
[uigator.com/assan/5.1/public/assets/vendor/node_modules/css/plyr.css]
[uigator.com/assan/5.1/public/component-video-plyr.html]
[uigator.com/assan/5.1/public/header-default.html]
[uigator.com/assan/5.1/public/header-info-bar.html]
[uigator.com/assan/5.1/public/header-info-bar-2.html]
[uigator.com/assan/5.1/public/header-no-navbar.html]
[uigator.com/assan/5.1/public/header-transparent.html]
[uigator.com/assan/5.1/public/header-absolute-top.html]
[uigator.com/assan/5.1/public/header-fixed-top.html]
[uigator.com/assan/5.1/public/header-center-logo.html]
[uigator.com/assan/5.1/public/header-sticky-down.html]
[uigator.com/assan/5.1/public/header-sticky-up.html]
[uigator.com/assan/5.1/public/header-sticky-fixed.html]
[uigator.com/assan/5.1/public/header-sticky-boxed.html]
[uigator.com/assan/5.1/public/header-full-screen.html]
[uigator.com/assan/5.1/public/header-login.html]
[uigator.com/assan/5.1/public/header-logged-in.html]
[uigator.com/assan/5.1/public/assets/vendor/node_modules/js/plyr.min.js]
[uigator.com/assan/5.1/public/assets/img/shop/products/02.jpg]
[uigator.com/assan/5.1/public/assets/img/shop/products/03.jpg]
[uigator.com/assan/5.1/public/header-search-bar.html]
[uigator.com/assan/5.1/public/header-search-bar-2.html]
[uigator.com/assan/5.1/public/header-search-bar-3.html]
[uigator.com/assan/5.1/public/assets/img/country/de.svg]
[uigator.com/assan/5.1/public/assets/img/country/dk.svg]
[uigator.com/assan/5.1/public/assets/img/country/nl.svg]
[uigator.com/assan/5.1/public/header-search-with-icons.html]
[uigator.com/assan/5.1/public/assets/img/country/jp.svg]
[uigator.com/assan/5.1/public/assets/img/shop/backpack2.jpg]
[uigator.com/assan/5.1/public/assets/img/shop/jacket1.jpg]
[uigator.com/assan/5.1/public/header-shopping-cart.html]
[uigator.com/assan/5.1/public/header-shopping-cart-2.html]
[uigator.com/assan/5.1/public/header-offcanvas.html]
[uigator.com/assan/5.1/public/header-offcanvas-collapse.html]
[uigator.com/assan/5.1/public/footer-1.html]
[uigator.com/assan/5.1/public/footer-2.html]
[uigator.com/assan/5.1/public/footer-3.html]
[uigator.com/assan/5.1/public/footer-4.html]
[uigator.com/assan/5.1/public/footer-5.html]
[uigator.com/assan/5.1/public/footer-6.html]
[uigator.com/assan/5.1/public/footer-7.html]
[uigator.com/assan/5.1/public/footer-8.html]
[uigator.com/assan/5.1/public/footer-9.html]
[uigator.com/assan/5.1/public/hero-simple.html]
[uigator.com/assan/5.1/public/hero-parallax.html]
[uigator.com/assan/5.1/public/hero-parallax-element.html]
[uigator.com/assan/5.1/public/hero-fullscreen.html]
[uigator.com/assan/5.1/public/hero-newsletter.html]
[uigator.com/assan/5.1/public/hero-signup.html]
[uigator.com/assan/5.1/public/hero-pricing.html]
[uigator.com/assan/5.1/public/hero-video-button.html]
[uigator.com/assan/5.1/public/hero-youtube-video.html]
[uigator.com/assan/5.1/public/hero-vimeo-video.html]
[uigator.com/assan/5.1/public/hero-html5-video.html]
[uigator.com/assan/5.1/public/hero-bg-shape.html]
[uigator.com/assan/5.1/public/hero-bg-shape-2.html]
[uigator.com/assan/5.1/public/hero-shape-image.html]
[uigator.com/assan/5.1/public/hero-shape-image-2.html]
[uigator.com/assan/5.1/public/assets/img/960x1440/2.jpg]
[uigator.com/assan/5.1/public/hero-tiles.html]
[uigator.com/assan/5.1/public/hero-media-player.html]
[uigator.com/assan/5.1/public/hero-illustration.html]
[uigator.com/assan/5.1/public/hero-typed-text.html]
[uigator.com/assan/5.1/public/hero-text-outline.html]
[uigator.com/assan/5.1/public/hero-slider-swiper.html]
[uigator.com/assan/5.1/public/hero-slider-master.html]
[uigator.com/assan/5.1/public/assets/img/graphics/illustration/06.svg]
[uigator.com/assan/5.1/public/hero-slider-master-alt.html]
[uigator.com/assan/5.1/public/hero-particles.html]
[uigator.com/assan/5.1/public/layout-blank.html]
[uigator.com/assan/5.1/public/layout-full-width.html]
[uigator.com/assan/5.1/public/layout-sidebar-start.html]
[uigator.com/assan/5.1/public/layout-sidebar-end.html]
[uigator.com/assan/5.1/public/layout-footer-fixed.html]
[uigator.com/assan/5.1/public/layout-sticky-sidebar.html]
[uigator.com/assan/5.1/public/layout-secondary-navbar.html]
[uigator.com/assan/5.1/public/theme-style-default.html]
[uigator.com/assan/5.1/public/theme-style-purple.html]
[uigator.com/assan/5.1/public/theme-style-teal.html]
[uigator.com/assan/5.1/public/theme-style-pink.html]
[uigator.com/assan/5.1/public/assets/css/theme-teal.min.css]
[uigator.com/assan/5.1/public/theme-style-green.html]
[uigator.com/assan/5.1/public/theme-style-serif.html]
[uigator.com/assan/5.1/public/assets/css/theme-green.min.css]
[uigator.com/assan/5.1/public/theme-style-orange.html]
[uigator.com/assan/5.1/public/theme-style-rtl.html]
[uigator.com/assan/5.1/public/assets/css/theme-orange.min.css]
[uigator.com/assan/5.1/public/assets/css/theme.rtl.min.css]
[uigator.com/assan/5.1/public/assets/css/theme-shop.min.css]
[uigator.com/assan/5.1/public/assets/img/logo/logo-shop.svg]
[uigator.com/assan/5.1/public/assets/img/logo/logo-shop-white.svg]
[uigator.com/assan/5.1/public/demo-shop-wishlist.html]
[uigator.com/assan/5.1/public/assets/img/shop/banners/03.jpg]
[uigator.com/assan/5.1/public/demo-shop-home-02.html]
[uigator.com/assan/5.1/public/assets/img/shop/banners/02.jpg]
[uigator.com/assan/5.1/public/demo-shop-products.html]
[uigator.com/assan/5.1/public/demo-shop-products-full-width.html]
[uigator.com/assan/5.1/public/demo-shop-product-category.html]
[uigator.com/assan/5.1/public/demo-shop-product-default.html]
[uigator.com/assan/5.1/public/demo-shop-single-product-option.html]
[uigator.com/assan/5.1/public/demo-shop-cart.html]
[uigator.com/assan/5.1/public/demo-shop-checkout.html]
[uigator.com/assan/5.1/public/assets/img/shop/banners/06.jpg]
[uigator.com/assan/5.1/public/assets/img/shop/banners/07.jpg]
[uigator.com/assan/5.1/public/assets/img/shop/banners/women.jpg]
[uigator.com/assan/5.1/public/assets/img/shop/products/06.jpg]
[uigator.com/assan/5.1/public/assets/img/shop/products/07.jpg]
[uigator.com/assan/5.1/public/assets/img/shop/products/08.jpg]
[uigator.com/assan/5.1/public/assets/img/payment/american_express.svg]
[uigator.com/assan/5.1/public/assets/img/payment/paypal.svg]
[uigator.com/assan/5.1/public/assets/img/payment/rupay.svg]
[uigator.com/assan/5.1/public/demo-shop.html]
[uigator.com/assan/5.1/public/demo-one-page.html]
[uigator.com/assan/5.1/public/assets/img/payment/visa.svg]
[uigator.com/assan/5.1/public/demo-real-estate-add-listing.html]
[uigator.com/assan/5.1/public/demo-real-estate-2.html]
[uigator.com/assan/5.1/public/demo-real-estate-listing-grid.html]
[uigator.com/assan/5.1/public/demo-real-estate-listing-row.html]
[uigator.com/assan/5.1/public/demo-real-estate-listing.html]
[uigator.com/assan/5.1/public/assets/img/estate/960x1140/1.jpg]
[uigator.com/assan/5.1/public/assets/img/estate/listing/2.jpg]
[uigator.com/assan/5.1/public/assets/img/estate/listing/4.jpg]
[uigator.com/assan/5.1/public/assets/img/estate/cities/bristol.jpg]
[uigator.com/assan/5.1/public/assets/img/estate/cities/birmingham.jpg]
[uigator.com/assan/5.1/public/assets/img/estate/cities/manchester.jpg]
[uigator.com/assan/5.1/public/assets/img/estate/cities/london.jpg]
[uigator.com/assan/5.1/public/assets/img/estate/listing/7.jpg]
[uigator.com/assan/5.1/public/assets/img/estate/listing/8.jpg]
[uigator.com/assan/5.1/public/demo-real-estate.html]
[uigator.com/assan/5.1/public/demo-jobs-post-job.html]
[uigator.com/assan/5.1/public/demo-jobs-listing.html]
[uigator.com/assan/5.1/public/demo-jobs-listing-grid.html]
[uigator.com/assan/5.1/public/demo-jobs-job-detail.html]
[uigator.com/assan/5.1/public/demo-jobs-job-apply.html]
[uigator.com/assan/5.1/public/demo-jobs-employer.html]
[uigator.com/assan/5.1/public/demo-jobs-upload-resume.html]
[uigator.com/assan/5.1/public/assets/img/companies/zenhub.svg]
[uigator.com/assan/5.1/public/assets/img/companies/slack.svg]
[uigator.com/assan/5.1/public/assets/img/companies/mailchimp.svg]
[uigator.com/assan/5.1/public/assets/img/companies/behance.svg]
[uigator.com/assan/5.1/public/assets/img/companies/prosperops.svg]
[uigator.com/assan/5.1/public/assets/img/companies/dropbox.svg]
[uigator.com/assan/5.1/public/assets/img/companies/netflix.svg]
[uigator.com/assan/5.1/public/assets/img/companies/github.svg]
[uigator.com/assan/5.1/public/assets/img/companies/tiktok.svg]
[uigator.com/assan/5.1/public/assets/img/companies/dribbble.svg]
[uigator.com/assan/5.1/public/assets/img/companies/airbnb.svg]
[uigator.com/assan/5.1/public/demo-jobs.html]
[uigator.com/assan/5.1/public/demo-event-landing.html]
[uigator.com/assan/5.1/public/demo-rtl.html]
[uigator.com/assan/5.1/public/assets/img/partners/booking.com.svg]
[uigator.com/assan/5.1/public/assets/img/partners/expedia.svg]
[uigator.com/assan/5.1/public/assets/img/partners/deliveroo.svg]
[uigator.com/assan/5.1/public/assets/img/partners/dark/amazon.svg]
[uigator.com/assan/5.1/public/assets/img/partners/dark/microsoft.svg]
[uigator.com/assan/5.1/public/assets/img/partners/dark/google.svg]
[uigator.com/assan/5.1/public/assets/img/partners/dark/booking.com.svg]
[uigator.com/assan/5.1/public/assets/img/partners/dark/grab.svg]
[uigator.com/assan/5.1/public/assets/img/partners/dark/slack.svg]
[uigator.com/assan/5.1/public/assets/img/partners/dark/uber.svg]
[uigator.com/assan/5.1/public/assets/img/partners/dark/didi.svg]
[uigator.com/assan/5.1/public/assets/img/partners/dark/lyft.svg]
[uigator.com/assan/5.1/public/assets/img/partners/dark/salesforce.svg]
[uigator.com/assan/5.1/public/assets/img/vectors/sparkles.svg]
[uigator.com/assan/5.1/public/assets/fonts/boxicons/fonts/boxiconsd41d.svg]
[uigator.com/assan/5.1/public/assets/fonts/iconsmind/fonts/icomoonca27.svg]
[uigator.com/assan/5.1/public/assets/img/partners/dark/deliveroo.svg]
[uigator.com/assan/5.1/public/assets/img/partners/dark/postmates.svg]
[uigator.com/assan/5.1/public/assets/img/country/us.svg]
[uigator.com/assan/5.1/public/assets/img/country/es.svg]
[uigator.com/assan/5.1/public/assets/img/country/gb.svg]
[uigator.com/assan/5.1/public/assets/img/country/fr.svg]
[uigator.com/assan/5.1/public/assets/img/country/pt.svg]
[uigator.com/assan/5.1/public/assets/vendor/node_modules/css/glightbox.min.css]
[uigator.com/assan/5.1/public/assets/img/partners/white/amazon.svg]
[uigator.com/assan/5.1/public/assets/img/partners/white/nasdaq.svg]
[uigator.com/assan/5.1/public/assets/img/partners/white/microsoft.svg]
[uigator.com/assan/5.1/public/assets/img/partners/white/grab.svg]
[uigator.com/assan/5.1/public/assets/img/partners/white/didi.svg]
[uigator.com/assan/5.1/public/assets/img/partners/white/lyft.svg]
[uigator.com/assan/5.1/public/assets/img/partners/white/google.svg]
[uigator.com/assan/5.1/public/assets/img/partners/white/uber.svg]
[uigator.com/assan/5.1/public/assets/img/partners/white/zillow.svg]
[uigator.com/assan/5.1/public/assets/img/graphics/icons/idea.svg]
[uigator.com/assan/5.1/public/assets/img/graphics/icons/code.svg]
[uigator.com/assan/5.1/public/assets/img/graphics/icons/web-design.svg]
[uigator.com/assan/5.1/public/assets/img/partners/dark/nasdaq.svg]
[uigator.com/assan/5.1/public/assets/img/partners/dark/zillow.svg]
[uigator.com/assan/5.1/public/assets/img/graphics/icons/hand-shake.svg]
[uigator.com/assan/5.1/public/assets/img/graphics/icons/target.svg]
[uigator.com/assan/5.1/public/assets/img/graphics/icons/magic-wand.svg]
[uigator.com/assan/5.1/public/assets/img/graphics/illustration/02.svg]
[uigator.com/assan/5.1/public/assets/img/partners/dark/expedia.svg]
[uigator.com/assan/5.1/public/assets/img/partners/dark/national-geographic.svg]
[uigator.com/assan/5.1/public/assets/img/partners/zillow.svg]
[uigator.com/assan/5.1/public/assets/css/splitting-text.min.css]
[uigator.com/assan/5.1/public/assets/css/theme-purple.min.css]
[uigator.com/assan/5.1/public/assets/img/partners/white/spotify.svg]
[uigator.com/assan/5.1/public/assets/img/partners/white/booking.com.svg]
[uigator.com/assan/5.1/public/assets/img/vectors/worldmap-light.svg]
[uigator.com/assan/5.1/public/assets/img/partners/amazon.svg]
[uigator.com/assan/5.1/public/assets/img/partners/grab.svg]
[uigator.com/assan/5.1/public/assets/img/partners/lyft.svg]
[uigator.com/assan/5.1/public/assets/img/partners/postmates.svg]
[uigator.com/assan/5.1/public/assets/img/partners/uber.svg]
[uigator.com/assan/5.1/public/mailus@domain.html]
[uigator.com/assan/5.1/public/assets/css/theme-serif.min.css]
[uigator.com/assan/5.1/public/assets/img/partners/microsoft.svg]
[uigator.com/assan/5.1/public/assets/img/partners/nasdaq.svg]
[uigator.com/assan/5.1/public/assets/img/partners/national-geographic.svg]
[uigator.com/assan/5.1/public/assets/img/avatar/1.jpg]
[uigator.com/assan/5.1/public/assets/img/graphics/saas/integrations.svg]
[uigator.com/assan/5.1/public/assets/img/graphics/illustration/05.svg]
[uigator.com/assan/5.1/public/assets/img/graphics/icons/database.svg]
[uigator.com/assan/5.1/public/assets/img/graphics/icons/search.svg]
[uigator.com/assan/5.1/public/assets/img/graphics/icons/locked.svg]
[uigator.com/assan/5.1/public/assets/img/graphics/icons/collaboration.svg]
[uigator.com/assan/5.1/public/assets/img/graphics/icons/help.svg]
[uigator.com/assan/5.1/public/assets/img/graphics/icons/project-management.svg]
[uigator.com/assan/5.1/public/assets/css/theme-pink.min.css]
[uigator.com/assan/5.1/public/assets/img/vectors/pattern-dots.svg]
[uigator.com/assan/5.1/public/assets/img/mobile-app/app-store.svg]
[uigator.com/assan/5.1/public/assets/img/mobile-app/play-store.svg]
[uigator.com/assan/5.1/public/assets/vendor/node_modules/css/locomotive-scroll.min.css]
[uigator.com/assan/5.1/public/assets/img/logo/logo-a.svg]
[uigator.com/assan/5.1/public/assets/img/logo/logo-a-white.svg]
[uigator.com/assan/5.1/public/assets/img/backgrounds/bg-element2.svg]
[uigator.com/assan/5.1/public/assets/img/vectors/pattern-dots3.svg]
[uigator.com/assan/5.1/public/assets/img/vectors/quote-sign.svg]
[uigator.com/assan/5.1/public/assets/img/brands/facebook.html]
[uigator.com/assan/5.1/public/assets/img/brands/twitter.html]
[uigator.com/assan/5.1/public/assets/img/brands/Linkedin.svg]
[uigator.com/assan/5.1/public/assets/img/vectors/line2.svg]
[uigator.com/assan/5.1/public/assets/img/vectors/dec-brush1.svg]
[uigator.com/assan/5.1/public/assets/vendor/node_modules/css/choices.min.css]
[uigator.com/assan/5.1/public/assets/img/partners/white/postmates.svg]
[uigator.com/assan/5.1/public/assets/img/partners/google.svg]
[uigator.com/assan/5.1/public/assets/img/partners/didi.svg]
[uigator.com/assan/5.1/public/assets/img/backgrounds/trans3.png]
[unpkg.com/filepond-plugin-file-poster/dist/filepond-plugin-file-poster.212.delayed]
[unpkg.com/filepond-plugin-file-poster@2.5.1/dist/filepond-plugin-file-poster.css]
[unpkg.com/filepond-plugin-file-poster/dist/filepond-plugin-file-poster.216.delayed]
[unpkg.com/filepond-plugin-file-poster@2.5.1/dist/filepond-plugin-file-poster.js]
[unpkg.com/filepond/dist/filepond.218.delayed]
[uigator.com/assan/5.1/public/page-profile-settings.html]
[uigator.com/assan/5.1/public/assets/img/brands/google.svg]
[uigator.com/assan/5.1/public/assets/img/brands/Facebook.svg]
[uigator.com/assan/5.1/public/assets/img/graphics/illustration/404.svg]
[uigator.com/assan/5.1/public/assets/img/graphics/illustration/under-construction.svg]
[uigator.com/assan/5.1/public/assets/img/graphics/illustration/03.svg]
[uigator.com/assan/5.1/public/assets/vendor/node_modules/css/splitting.css]
[uigator.com/assan/5.1/public/assets/img/graphics/icons/check-list.svg]
[uigator.com/assan/5.1/public/assets/img/graphics/icons/mail.svg]
[uigator.com/assan/5.1/public/assets/vendor/node_modules/css/prism-tomorrow.css]
[uigator.com/assan/5.1/public/assets/img/partners/dark/spotify.svg]
[uigator.com/assan/5.1/public/assets/img/brands/GitHub.svg]
[uigator.com/assan/5.1/public/assets/vendor/node_modules/css/bs-stepper.min.css]
[uigator.com/assan/5.1/public/assets/vendor/node_modules/css/quill.snow.css]
[uigator.com/assan/5.1/public/assets/vendor/node_modules/css/flatpickr.min.css]
[uigator.com/assan/5.1/public/assets/img/partners/spotify.svg]
[unpkg.com/filepond@4.30.4/dist/filepond.js]
[api.mapbox.com/mapbox-gl-js/v2.1.1/mapbox-gl.css]
[uigator.com/assan/5.1/public/assets/fonts/bootstrap-icons/fonts/bootstrap-iconsbf04.woff2]
[uigator.com/assan/5.1/public/assets/fonts/bootstrap-icons/fonts/bootstrap-iconsbf04.woff]
[uigator.com/assan/5.1/public/assets/fonts/bootstrap-icons/bootstrap-icons.css]
[uigator.com/assan/5.1/public/assets/img/brands/Twitter.svg]
[uigator.com/assan/5.1/public/assets/img/brands/Instagram.svg]
[uigator.com/assan/5.1/public/assets/img/brands/Dribbble.svg]
[uigator.com/assan/5.1/public/assets/img/brands/Behance.svg]
[uigator.com/assan/5.1/public/assets/img/brands/Medium.svg]
[uigator.com/assan/5.1/public/assets/img/brands/Pinterest.svg]
[uigator.com/assan/5.1/public/assets/img/brands/Digg.svg]
[uigator.com/assan/5.1/public/assets/img/brands/Skype.svg]
[uigator.com/assan/5.1/public/assets/img/brands/Slack.svg]
[uigator.com/assan/5.1/public/assets/img/brands/Reddit.svg]
[uigator.com/assan/5.1/public/assets/img/brands/Snapchat.svg]
[uigator.com/assan/5.1/public/assets/img/brands/Vimeo.svg]
[uigator.com/assan/5.1/public/assets/img/brands/Youtube.svg]
[uigator.com/assan/5.1/public/assets/img/brands/Tinder.svg]
[uigator.com/assan/5.1/public/assets/img/brands/Tumblr.svg]
[uigator.com/assan/5.1/public/assets/img/brands/Yelp.svg]
[uigator.com/assan/5.1/public/assets/img/brands/VK.svg]
[uigator.com/assan/5.1/public/assets/img/brands/Messenger.svg]
[uigator.com/assan/5.1/public/assets/img/brands/Blogger.svg]
[uigator.com/assan/5.1/public/assets/vendor/node_modules/css/plyr.css]
[uigator.com/assan/5.1/public/assets/img/country/de.svg]
[uigator.com/assan/5.1/public/assets/img/country/dk.svg]
[uigator.com/assan/5.1/public/assets/img/country/nl.svg]
[uigator.com/assan/5.1/public/assets/img/country/jp.svg]
[uigator.com/assan/5.1/public/assets/img/graphics/illustration/06.svg]
[uigator.com/assan/5.1/public/assets/css/theme-teal.min.css]
[uigator.com/assan/5.1/public/assets/css/theme-green.min.css]
[uigator.com/assan/5.1/public/assets/css/theme-orange.min.css]
[uigator.com/assan/5.1/public/assets/css/theme.rtl.min.css]
[uigator.com/assan/5.1/public/assets/css/theme-shop.min.css]
[uigator.com/assan/5.1/public/assets/img/logo/logo-shop.svg]
[uigator.com/assan/5.1/public/assets/img/logo/logo-shop-white.svg]
[uigator.com/assan/5.1/public/demo-shop-wishlist.html]
[uigator.com/assan/5.1/public/assets/vendor/masterslider/skins/minimal/style.css]
[uigator.com/assan/5.1/public/assets/img/shop/banners/04.jpg]
[uigator.com/assan/5.1/public/assets/img/shop/products/09.jpg]
[uigator.com/assan/5.1/public/assets/img/shop/banners/05.jpg]
[uigator.com/assan/5.1/public/demo-shop-home-02.html]
[uigator.com/assan/5.1/public/assets/vendor/node_modules/css/simplebar.min.css]
[uigator.com/assan/5.1/public/assets/vendor/node_modules/css/nouislider.min.css]
[uigator.com/assan/5.1/public/assets/img/shop/banners/01.jpg]
[uigator.com/assan/5.1/public/assets/img/shop/products/10.jpg]
[uigator.com/assan/5.1/public/assets/vendor/node_modules/js/simplebar.min.js]
[uigator.com/assan/5.1/public/demo-shop-products.html]
[uigator.com/assan/5.1/public/demo-shop-products-full-width.html]
[uigator.com/assan/5.1/public/assets/vendor/node_modules/js/nouislider.min.js]
[uigator.com/assan/5.1/public/assets/img/shop/category/01.jpg]
[uigator.com/assan/5.1/public/assets/img/shop/category/02.jpg]
[uigator.com/assan/5.1/public/assets/img/shop/category/03.jpg]
[uigator.com/assan/5.1/public/assets/img/shop/category/04.jpg]
[uigator.com/assan/5.1/public/assets/img/shop/category/05.jpg]
[uigator.com/assan/5.1/public/assets/img/shop/category/06.jpg]
[uigator.com/assan/5.1/public/assets/img/shop/category/07.jpg]
[uigator.com/assan/5.1/public/assets/img/shop/category/08.jpg]
[uigator.com/assan/5.1/public/assets/img/shop/category/09.jpg]
[uigator.com/assan/5.1/public/demo-shop-product-category.html]
[uigator.com/assan/5.1/public/assets/img/shop/single1.jpg]
[uigator.com/assan/5.1/public/assets/img/shop/single2.jpg]
[uigator.com/assan/5.1/public/assets/img/shop/single3.jpg]
[uigator.com/assan/5.1/public/demo-shop-product-default.html]
[uigator.com/assan/5.1/public/demo-shop-single-product-option.html]
[uigator.com/assan/5.1/public/demo-shop-cart.html]
[uigator.com/assan/5.1/public/demo-shop-checkout.html]
[uigator.com/assan/5.1/public/assets/img/payment/american_express.svg]
[uigator.com/assan/5.1/public/assets/img/payment/paypal.svg]
[uigator.com/assan/5.1/public/assets/img/payment/rupay.svg]
[uigator.com/assan/5.1/public/assets/img/payment/visa.svg]
[uigator.com/assan/5.1/public/assets/img/shop/products/04.jpg]
[uigator.com/assan/5.1/public/assets/img/shop/banners/men.jpg]
[uigator.com/assan/5.1/public/assets/img/shop/products/05.jpg]
[uigator.com/assan/5.1/public/assets/vendor/node_modules/js/dropzone-min.js]
[uigator.com/assan/5.1/public/demo-real-estate-add-listing.html]
[uigator.com/assan/5.1/public/demo-real-estate-2.html]
[uigator.com/assan/5.1/public/assets/img/estate/listing/3.jpg]
[uigator.com/assan/5.1/public/assets/img/estate/listing/5.jpg]
[uigator.com/assan/5.1/public/assets/img/estate/listing/6.jpg]
[uigator.com/assan/5.1/public/demo-real-estate-listing-grid.html]
[uigator.com/assan/5.1/public/demo-real-estate-listing-row.html]
[uigator.com/assan/5.1/public/assets/img/estate/listing/detail1.jpg]
[uigator.com/assan/5.1/public/assets/img/estate/listing/detail2.jpg]
[uigator.com/assan/5.1/public/assets/img/estate/listing/detail3.jpg]
[uigator.com/assan/5.1/public/assets/img/estate/listing/detail4.jpg]
[uigator.com/assan/5.1/public/assets/img/estate/floor-plan.jpg]
[uigator.com/assan/5.1/public/demo-real-estate-listing.html]
[uigator.com/assan/5.1/public/demo-jobs-post-job.html]
[uigator.com/assan/5.1/public/demo-jobs-listing.html]
[uigator.com/assan/5.1/public/demo-jobs-listing-grid.html]
[uigator.com/assan/5.1/public/demo-jobs-job-detail.html]
[uigator.com/assan/5.1/public/demo-jobs-job-apply.html]
[uigator.com/assan/5.1/public/demo-jobs-employer.html]
[uigator.com/assan/5.1/public/demo-jobs-upload-resume.html]
[uigator.com/assan/5.1/public/assets/img/companies/zenhub.svg]
[uigator.com/assan/5.1/public/assets/img/companies/slack.svg]
[uigator.com/assan/5.1/public/assets/img/companies/mailchimp.svg]
[uigator.com/assan/5.1/public/assets/img/companies/behance.svg]
[uigator.com/assan/5.1/public/assets/img/companies/prosperops.svg]
[uigator.com/assan/5.1/public/assets/img/companies/dropbox.svg]
[uigator.com/assan/5.1/public/assets/img/companies/netflix.svg]
[uigator.com/assan/5.1/public/assets/img/companies/github.svg]
[uigator.com/assan/5.1/public/assets/img/companies/tiktok.svg]
[uigator.com/assan/5.1/public/assets/img/companies/dribbble.svg]
[uigator.com/assan/5.1/public/assets/img/companies/airbnb.svg]
[uigator.com/assan/5.1/public/assets/img/vectors/sparkles.svg]
[unpkg.com/filepond-plugin-file-poster@2.5.1/dist/filepond-plugin-file-poster.css]
[uigator.com/assan/5.1/public/assets/img/estate/cities/liverpool.jpg]
[unpkg.com/filepond/dist/filepond.css]
[unpkg.com/filepond-plugin-image-preview/dist/filepond-plugin-image-preview.css]
[api.mapbox.com/mapbox-gl-js/v2.1.1/mapbox-gl.css]
[uigator.com/assan/5.1/public/assets/img/brands/GitHub.svg]
[uigator.com/assan/5.1/public/assets/img/partners/spotify.svg]
[img.youtube.com/vi/V_romThfA0I/maxresdefault.jpg]
[unpkg.com/filepond-plugin-image-preview/dist/filepond-plugin-image-preview.js]
[uigator.com/assan/5.1/public/assets/vendor/masterslider/skins/minimal/style.css]
[uigator.com/assan/5.1/public/assets/vendor/node_modules/css/simplebar.min.css]
[uigator.com/assan/5.1/public/assets/vendor/node_modules/css/nouislider.min.css]
[uigator.com/assan/5.1/public/assets/vendor/masterslider/skins/minimal/minimal.svg]
[unpkg.com/filepond-plugin-image-preview/dist/filepond-plugin-image-preview.css]
[uigator.com/assan/5.1/public/assets/vendor/masterslider/skins/minimal/minimal.svg]
[unpkg.com/filepond/dist/filepond.css]
[unpkg.com/filepond-plugin-image-preview/dist/filepond-plugin-image-preview.js]
[uigator.com/assan/5.1/public/assets/img/shop/single4.jpg]
[unpkg.com/filepond/dist/filepond.css]
[unpkg.com/filepond-plugin-image-preview/dist/filepond-plugin-image-preview.css]
